:20:MT26100365660001
:25:DE35441600146708656600
:28C:00001/001
:60F:C251231EUR3552,86
:61:2609300930D15,75NMSCNONREF//000000001
:86:Abschluss Abschluss per 30.09.2026
:61:2609170917D162,30NMSCNONREF//000000002
:86:Stadtwerke Schwerte DE45440501990841000277 KD-Nummer: 1990031
18 / RG-Nummer: VR1000764626 Strom, Gas 2025 SecureGo plus IBAN: 
DE45440501990841000277 BIC: DORTDE33XXX
:61:2609160916D132,35NMSCNONREF//000000003
:86:Adyen N.V. DE29300600100005021573 The ASH Dortmund a98dcc5a-b
684-459b-afb1-abc/Europapla15.09.2026 um 21:01:54 Uhr 51745200/00
0249/CICC/FPIN 44160014/6708656600/0/1228 REF 543612/260047
:61:2609110911D373,35NMSCNONREF//000000004
:86:Martin Wieslaw Aleksandrowicz DE29466702040077128700 RG-20260
040, MeDiNo Immobilien UG (haftungsbeschränkt) SecureGo plus IBA
N: DE29466702040077128700 BIC: DEUTDEDWP03
:61:2609080908D52,72NMSCNONREF//000000005
:86:Stadt Schwerte DE20440501990841000145 Kassenzeichen 0100.1835
05.001, Grundsteuer B SecureGo plus IBAN: DE20440501990841000145 
BIC: DORTDE33XXX
:61:2609080908C2000,00NMSCNONREF//000000006
:86:RALF WARCHHOLD UND FRAU ANDREA WARCHHOLD-ESKE DE7344050199091
2213196 Wohnungskauf Richardstrase 15 in 58239 Schwerte -Zahlung 
vorbehaltlich der Ubergabe DATUM 07.09.2026, 15.41 UHR
:61:2609080908C76000,00NMSCNONREF//000000007
:86:RALF WARCHHOLD UND FRAU ANDREA WARCHHOLD-ESKE DE7344050199091
2213196 Wohnungskauf Richardstrase 15 in 58239 Schwerte -Zahlung 
vorbehaltlich der Ubergabe
:61:2609040904D591,01NMSCNONREF//000000008
:86:Martin Wieslaw Aleksandrowicz DE29466702040077128700 RG-20260
037 Kunden Nr.: 10030 MeDiNo Immobilien UG (haftungsbeschränkt) S
ecureGo plus IBAN: DE29466702040077128700 BIC: DEUTDEDWP03
:61:2608310831D13,35NMSCNONREF//000000009
:86:Abschluss Abschluss per 31.08.2026
:61:2608210821D1256,87NMSCNONREF//000000010
:86:Silbersiepe Immobilien DE17450600090036142000 Jahresabrechnun
g Nebenkosten 2025 01.06.-31.12. Schwerte, Richardstr. 15 SecureG
o plus IBAN: DE17450600090036142000 BIC: GENODEM1HGN
:61:2607310731D13,35NMSCNONREF//000000011
:86:Abschluss Abschluss per 31.07.2026
:61:2607220722D53,67NMSCNONREF//000000012
:86:Stadt Schwerte DE20440501990841000145 0100.183505.001-183505 
/ Grundsteuer / 2026/2248 SecureGo plus IBAN: DE20440501990841000
145 BIC: DORTDE33XXX
:61:2606300630D13,35NMSCNONREF//000000013
:86:Abschluss Abschluss per 30.06.2026
:61:2606170617D270,00NMSCNONREF//000000014
:86:Industrie- und Handelskammer zu Dortmund DE864405019903010017
03 10001339369 / 41388600 / Beitrag 2026 SecureGo plus IBAN: DE86
440501990301001703 BIC: DORTDE33XXX
:61:2605310529D13,35NMSCNONREF//000000015
:86:Abschluss Abschluss per 31.05.2026
:61:2605220522D199,00NMSCNONREF//000000016
:86:OM PropTech GmbH DE32230527500000665045 Rg 1143668 / OM-42812
8 SecureGo plus IBAN: DE32230527500000665045 BIC: NOLADE21RZB
:61:2604300430D13,35NMSCNONREF//000000017
:86:Abschluss Abschluss per 30.04.2026
:61:2604070407D70,34NMSCNONREF//000000018
:86:Daniel Dissel DE98200411550350428900 Erstattung Auslage Mater
ialien für Reparaturen am Objekt Schwerte, Richardstr. 15 / Einka
uf bei Toom SecureGo plus IBAN: DE98200411550350428900 BIC: COBAD
EHD055
:61:2603310331D14,95NMSCNONREF//000000019
:86:Abschluss Abschluss per 31.03.2026
:61:2603200320D299,00NMSCNONREF//000000020
:86:OM PropTech GmbH DE32230527500000665045 Rechnung 1112701 Inse
rat SecureGo plus IBAN: DE32230527500000665045 BIC: NOLADE21RZB
:61:2603160316D46,72NMSCNONREF//000000021
:86:Stadt Schwerte DE20440501990841000145 0100.183505.001 / Grund
besitzabgaben / Schwerte, Richardstr. 15 / Q1 2026 SecureGo plus 
IBAN: DE20440501990841000145 BIC: DORTDE33XXX
:61:2603120312D9,87NMSCNONREF//000000022
:86:HORNBACH 567 DORTMUND DE71500400000600247190 HORNBACH 567 DOR
TMUND 100308100251349281200005670 ELV65264365 10.03 08.10 Der Ein
zug erfolgt im Namen und auf Rechnung der PAYONE GmbH EREF: 10030
810025134928120000567065264365 MREF: 6526436581192603100810 CRED:
 DE16E0100000020245 IBAN: DE71500400000600247190 BIC: COBADEFF
:61:2603110311D8,90NMSCNONREF//000000023
:86:HORNBACH 567 DORTMUND DE71500400000600247190 HORNBACH 567 DOR
TMUND 090307530146731281200005670 ELV65264370 09.03 07.53 Der Ein
zug erfolgt im Namen und auf Rechnung der PAYONE GmbH EREF: 09030
753014673128120000567065264370 MREF: 6526437079422603090753 CRED:
 DE16E0100000020245 IBAN: DE71500400000600247190 BIC: COBADEFF
:61:2603030303D38,82NMSCNONREF//000000024
:86:Stadt Schwerte DE20440501990841000145 0100.163732.001 Grundbe
sitzabgaben, Schwerte - Richardstraße 15, Fälligkeit 15.11.2015 S
ecureGo plus IBAN: DE20440501990841000145 BIC: DORTDE33XXX
:61:2602280227D12,95NMSCNONREF//000000025
:86:Abschluss Abschluss per 28.02.2026
:61:2601310130D14,15NMSCNONREF//000000026
:86:Abschluss Abschluss per 31.01.2026
:61:2601290129D31,90NMSCNONREF//000000027
:86:HORNBACH 567 DORTMUND DE71500400000600247190 HORNBACH 567 DOR
TMUND 270116140155862281200005670 ELV65264363 27.01 16.14 Der Ein
zug erfolgt im Namen und auf Rechnung der PAYONE GmbH EREF: 27011
614015586228120000567065264363 MREF: 6526436376392601271614 CRED:
 DE16E0100000020245 IBAN: DE71500400000600247190 BIC: COBADEFF
:61:2601220122D12,00NMSCNONREF//000000028
:86:Jahrespreis girocard DE75441600149973080300 Kartendaten: Feli
x Mechler IBAN DE35441600146708656600Gültig bis 12.2028 Folge-Nr.
 0 Ausgabe einer Debitkarte: Jahrespreis girocard bezahlt bis 12.
2026
:61:2601220122D12,00NMSCNONREF//000000029
:86:Jahrespreis girocard DE75441600149973080300 Kartendaten: Dani
el Dissel IBAN DE35441600146708656600Gültig bis 12.2028 Folge-Nr.
 1 Ausgabe einer Debitkarte: Jahrespreis girocard bezahlt bis 12.
2026
:61:2601220122D12,00NMSCNONREF//000000030
:86:Jahrespreis girocard DE75441600149973080300 Kartendaten: Jako
b Nowak IBAN DE35441600146708656600Gültig bis 12.2028 Folge-Nr. 2
 Ausgabe einer Debitkarte: Jahrespreis girocard bezahlt bis 12.20
26
:61:2601210121D38,25NMSCNONREF//000000031
:86:HORNBACH 567 DORTMUND DE71500400000600247190 HORNBACH 567 DOR
TMUND 190110280157280281200005670 ELV65149796 19.01 10.28 Der Ein
zug erfolgt im Namen und auf Rechnung der PAYONE GmbH EREF: 19011
028015728028120000567065149796 MREF: G514979672842601191028 CRED:
 DE16E0100000020245 IBAN: DE71500400000600247190 BIC: COBADEFF
:61:2601080108C5000,00NMSCNONREF//000000032
:86:Jakob Paul Nowak, Saskia Nowak DE23200411110607531100 Gesells
chafterdarlehen 003 von Nowak an MeDiNo - Auszahlung
:62F:C261003EUR82757,24
